
[1m[46m RUN [49m[22m [36mv4.1.3 [39m[90mC:/Users/USUARIO/Desktop/02 DEV/01-PROYECTOS/hoteleria[39m

 [31mÔØ»[39m app/ui/HomeExplorer.test.js [2m([22m[2m0 test[22m[2m)[22m
 [31mÔØ»[39m src/lib/bookings/availability.test.js [2m([22m[2m0 test[22m[2m)[22m
 [32mÔ£ô[39m app/api/bookings/route.test.js [2m([22m[2m5 tests[22m[2m)[22m[32m 24[2mms[22m[39m
node.exe : 
At line:1 char:1
+ & "C:\Program Files\nodejs/node.exe" "C:\Users\USUARIO\AppData\Roamin ...
+ ~~~~~~~~~~~~~~~~~~~~~~~~~~~~~~~~~~~~~~~~~~~~~~~~~~~~~~~~~~~~~~~~~~~~~
    + CategoryInfo          : NotSpecified: (:String) [], RemoteException
    + FullyQualifiedErrorId : NativeCommandError
 
[31mÔÄ»ÔÄ»ÔÄ»ÔÄ»ÔÄ»ÔÄ»[39m[1m[41m Failed Suites 2 [49m[22m[31mÔÄ»ÔÄ»ÔÄ»ÔÄ»ÔÄ»ÔÄ»ÔÄ»[39m

[41m[1m FAIL [22m[49m app/ui/HomeExplorer.test.js[2m [ app/ui/HomeExplorer.test.js ][22m
[31m[1mError[22m: Transform failed with 1 error:

[31m[PARSE_ERROR] Error:[0m Unexpected JSX expression
    [38;5;246mÔò¡[0m[38;5;246mÔöÇ[0m[38;5;246m[[0m app/ui/HomeExplorer.test.js:26:12 [38;5;246m][0m
    [38;5;246mÔöé[0m
 [38;5;246m26 Ôöé[0m [38;5;249m [0m[38;5;249m [0m[38;5;249m [0m[38;5;249m [0m[38;5;249mr[0m[38;5;249
me[0m[38;5;249mn[0m[38;5;249md[0m[38;5;249me[0m[38;5;249mr[0m[38;5;249m([0m<HomeExplorer 
/>[38;5;249m)[0m[38;5;249m;[0m
 [38;5;240m   Ôöé[0m            ÔöÇÔöÇÔöÇÔöÇÔöÇÔöÇÔöÇÔöÇÔö¼ÔöÇÔöÇÔöÇÔöÇÔöÇÔöÇÔöÇ  
 [38;5;240m   Ôöé[0m                    Ôò░ÔöÇÔöÇÔöÇÔöÇÔöÇÔöÇÔöÇÔöÇÔöÇ 
 [38;5;240m   Ôöé[0m 
 [38;5;240m   Ôöé[0m [38;5;115mHelp[0m: JSX syntax is disabled and should be enabled via the parser options
[38;5;246mÔöÇÔöÇÔöÇÔöÇÔò»[0m
[39m
  Plugin: [35mvite:oxc[39m
  File: [36mC:/Users/USUARIO/Desktop/02 DEV/01-PROYECTOS/hoteleria/app/ui/HomeExplorer.test.js[39m
[90m [2mÔØ»[22m transformWithOxc 
../../../02%20DEV/01-PROYECTOS/hoteleria/node_modules/vite/dist/node/chunks/node.js:[2m3745:19[22m[39m
[90m [2mÔØ»[22m TransformPluginContext.transform 
../../../02%20DEV/01-PROYECTOS/hoteleria/node_modules/vite/dist/node/chunks/node.js:[2m3813:26[22m[39m
[90m [2mÔØ»[22m EnvironmentPluginContainer.transform 
../../../02%20DEV/01-PROYECTOS/hoteleria/node_modules/vite/dist/node/chunks/node.js:[2m30143:51[22m[39m
[90m [2mÔØ»[22m loadAndTransform 
../../../02%20DEV/01-PROYECTOS/hoteleria/node_modules/vite/dist/node/chunks/node.js:[2m24468:26[22m[39m

[31m[2mÔÄ»ÔÄ»ÔÄ»ÔÄ»ÔÄ»ÔÄ»ÔÄ»ÔÄ»ÔÄ»ÔÄ»ÔÄ»ÔÄ»ÔÄ»ÔÄ»ÔÄ»ÔÄ»ÔÄ»ÔÄ»ÔÄ»ÔÄ»ÔÄ»ÔÄ»ÔÄ»ÔÄ»[1/2]ÔÄ»[22m[39m

[41m[1m FAIL [22m[49m src/lib/bookings/availability.test.js[2m [ src/lib/bookings/availability.test.js 
][22m
[31m[1mError[22m: Failed to resolve import "../../prisma" from "src/lib/bookings/availability.test.js". Does 
the file exist?[39m
  Plugin: [35mvite:import-analysis[39m
  File: [36mC:/Users/USUARIO/Desktop/02 
DEV/01-PROYECTOS/hoteleria/src/lib/bookings/availability.test.js[39m:2:0
[33m  1  |  vi.mock("../../prisma", () => ({ default: { booking: { findFirst: vi.fn() } } }));
  2  |  const __vi_import_0__ = await import("../../prisma");
     |                                       ^
  3  |  const __vi_import_1__ = await import("./availability");
  4  |  import { describe, it, expect, vi, beforeEach } from "vitest";[39m
[90m [2mÔØ»[22m TransformPluginContext._formatLog 
../../../02%20DEV/01-PROYECTOS/hoteleria/node_modules/vite/dist/node/chunks/node.js:[2m30354:39[22m[39m
[90m [2mÔØ»[22m TransformPluginContext.error 
../../../02%20DEV/01-PROYECTOS/hoteleria/node_modules/vite/dist/node/chunks/node.js:[2m30351:14[22m[39m
[90m [2mÔØ»[22m normalizeUrl 
../../../02%20DEV/01-PROYECTOS/hoteleria/node_modules/vite/dist/node/chunks/node.js:[2m27633:18[22m[39m
[90m [2mÔØ»[22m 
../../../02%20DEV/01-PROYECTOS/hoteleria/node_modules/vite/dist/node/chunks/node.js:[2m27696:30[22m[39m
[90m [2mÔØ»[22m TransformPluginContext.transform 
../../../02%20DEV/01-PROYECTOS/hoteleria/node_modules/vite/dist/node/chunks/node.js:[2m27664:4[22m[39m
[90m [2mÔØ»[22m EnvironmentPluginContainer.transform 
../../../02%20DEV/01-PROYECTOS/hoteleria/node_modules/vite/dist/node/chunks/node.js:[2m30143:14[22m[39m
[90m [2mÔØ»[22m loadAndTransform 
../../../02%20DEV/01-PROYECTOS/hoteleria/node_modules/vite/dist/node/chunks/node.js:[2m24468:26[22m[39m

[31m[2mÔÄ»ÔÄ»ÔÄ»ÔÄ»ÔÄ»ÔÄ»ÔÄ»ÔÄ»ÔÄ»ÔÄ»ÔÄ»ÔÄ»ÔÄ»ÔÄ»ÔÄ»ÔÄ»ÔÄ»ÔÄ»ÔÄ»ÔÄ»ÔÄ»ÔÄ»ÔÄ»ÔÄ»[2/2]ÔÄ»[22m[39m


[2m Test Files [22m [1m[31m2 failed[39m[22m[2m | [22m[1m[32m1 passed[39m[22m[90m (3)[39m
[2m      Tests [22m [1m[32m5 passed[39m[22m[90m (5)[39m
[2m   Start at [22m 14:01:34
[2m   Duration [22m 6.71s[2m (transform 308ms, setup 2.53s, import 166ms, tests 24ms, environment 14.83s)[22m

